// Jest Snapshot v1, https://goo.gl/fbAQLP

exports[`Modal component matches snapshot DOM node structure 1`] = `
<DocumentFragment>
  <div
    class="modalBackDrop"
  >
    <div
      class="modalContainer"
    >
      <h3
        class="modalTitle"
      >
        Park bench
      </h3>
      <img
        alt="currentcategory"
        src="1.jpg"
      />
      <p>
        Lorem ipsum dolor sit amet, consectetur adipiscing elit. Nunc ultricie
      </p>
      <button
        type="button"
      >
        Close the modal
      </button>
    </div>
  </div>
</DocumentFragment>
`;
